[bardy-demo.myshopify.com/index.html]
[cdn.shopify.com/s/files/1/0114/0994/8731/files/bardy-favicon_32x32a7fa.png]
[backblue.gif]
[fade.gif]
[index.html]
[cdn.shopify.com/s/files/1/0114/0994/8731/t/11/assets/timber.scss2129.css]
[cdn.shopify.com/s/files/1/0114/0994/8731/t/11/assets/theme-customf0a7.css]
[cdn.shopify.com/s/files/1/0114/0994/8731/t/11/assets/theme-responsivea890.css]
[cdn.shopify.com/s/files/1/0114/0994/8731/t/11/assets/vendors2e5c.css]
[cdn.shopify.com/s/files/1/0114/0994/8731/t/11/assets/skin-theme2b1a.css]
[cdn.shopify.com/s/files/1/0114/0994/8731/t/11/assets/theme-color2408.css]
[bardy-demo.myshopify.com/POST]
[cdn.shopify.com/s/javascripts/tricorder/trekkie.storefront.mindd82.js]
[cdn.shopify.com/shopifycloud/boomerang/shopify-boomerang-1.0.0.min.js]
[cdn.shopify.com/s/assets/shop_events_listener-d81deda6557a113fbcc6a993184828adcef6f241e4ca52b6a21169cb03169317.js]
[cdn.shopify.com/s/assets/storefront/load_feature-24ff1222c9aa13bb217653c0d3ea28c40a796a280e6da29ad421eec2a6075c86.js]
[cdn.shopify.com/s/assets/storefront/features-87e8399988880142f2c62771b9d8f2ff6c290b3ff745dd426eb0dfe0db9d1dae.js]
[cdn.shopify.com/s/files/1/0114/0994/8731/t/11/compiled_assets/styles8196.css]
[cdn.shopify.com/s/assets/themes_support/option_selection-fe6b72c2bbdd3369ac0bfefe8648e3c889efca213baefd4cfb0dd9363563831f.js]
[cdn.shopify.com/s/assets/themes_support/api.jquery-e94e010e92e659b566dbc436fdfe5242764380e00398907a14955ba301a4749f.js]
[cdn.shopify.com/s/files/1/0114/0994/8731/t/11/assets/cart.apiead0.js]
[cdn.shopify.com/s/files/1/0114/0994/8731/t/11/assets/themea309.js]
[cdn.shopify.com/s/assets/themes_support/shopify_common-8ea6ac3faf357236a97f5de749df4da6e8436ca107bc3a4ee805cbf08bc47392.js]
[cdn.shopify.com/s/files/1/0114/0994/8731/t/11/assets/newsletter-jsd215.js]
[cdn.shopify.com/s/files/1/0114/0994/8731/files/logo_300x3001652.png]
[bardy-demo.myshopify.com/pages/about.html]
[cdn.shopify.com/s/files/1/0114/0994/8731/t/11/assets/vendors6285.js]
[bardy-demo.myshopify.com/collections/all.html]
[bardy-demo.myshopify.com/collections.html]
[bardy-demo.myshopify.com/services/storefront/create_sharing_access_token/76474974267]
[bardy-demo.myshopify.com/products/katopeno-altuni.html]
[bardy-demo.myshopify.com/services/storefront/create_sharing_access_token/44475252795]
[cdn.shopify.com/s/files/1/0114/0994/8731/collections/sidebar-banner-3_1_large4b15.png]
[bardy-demo.myshopify.com/blogs/news.html]
[bardy-demo.myshopify.com/pages/contact.html]
[bardy-demo.myshopify.com/account/login.html]
[bardy-demo.myshopify.com/account/register.html]
[bardy-demo.myshopify.com/pages/wishlist.html]
[bardy-demo.myshopify.com/cart.html]
[cdn.shopify.com/s/files/1/0114/0994/8731/files/slider-bg-1-18a8c.jpg]
[cdn.shopify.com/s/files/1/0114/0994/8731/files/slider-bg-2_962a27ed-45df-47ef-a46b-4004b06452cc3076.jpg]
[bardy-demo.myshopify.com/products/vortahole-valohoi.html]
[bardy-demo.myshopify.com/products/dummy-product-name.html]
[bardy-demo.myshopify.com/products/buffekete-chai.html]
[bardy-demo.myshopify.com/products/dummy-text-for-title-1.html]
[bardy-demo.myshopify.com/products/baizidale-momone.html]
[cdn.shopify.com/s/files/1/0114/0994/8731/files/subscribe-bg-1_6aa3289f-bd3d-46cf-b6ab-ea29a7fbff67642a.jpg]
[bardy-demo.myshopify.com/products/origeno-veledita.html]
[bardy-demo.myshopify.com/products/countdown-product.html]
[cdn.shopify.com/s/files/1/0114/0994/8731/files/brand-1142a.png]
[cdn.shopify.com/s/files/1/0114/0994/8731/files/brand-20ee7.png]
[bardy-demo.myshopify.com/products/simple-product.html]
[cdn.shopify.com/s/files/1/0114/0994/8731/files/brand-3ea34.png]
[cdn.shopify.com/s/files/1/0114/0994/8731/files/brand-4c16a.png]
[cdn.shopify.com/s/files/1/0114/0994/8731/files/brand-5f730.png]
[cdn.shopify.com/s/files/1/0114/0994/8731/files/service-sprites8cf3.png]
[cdn.shopify.com/s/files/1/0114/0994/8731/files/logo-light_07e28054-ff53-40f2-800e-c93260d5bdb6_160x160d53d.png]
[bardy-demo.myshopify.com/pages/shipping-policy.html]
[bardy-demo.myshopify.com/pages/size-chart.html]
[cdn.shopify.com/s/files/1/0114/0994/8731/files/payment-method_387x2209f2.png]
[bardy-demo.myshopify.com/account/login4236.html]
[cdn.shopify.com/s/files/1/0114/0994/8731/t/11/assets/fastclick.min1125.js]
[cdn.shopify.com/s/files/1/0114/0994/8731/t/11/assets/timber6083.js]
[cdn.shopify.com/s/files/1/0114/0994/8731/t/11/assets/wishlistfdb7.js]
[cdn.shopify.com/s/javascripts/currencies.js]
[cdn.shopify.com/s/files/1/0114/0994/8731/t/11/assets/jquery.currencies.min1a82.js]
[bardy-demo.myshopify.com/index.html]
[cdn.shopify.com/s/files/1/0114/0994/8731/t/11/assets/icons0b47.eot]
[cdn.shopify.com/s/files/1/0114/0994/8731/t/11/assets/icons0316.woff]
[cdn.shopify.com/s/files/1/0114/0994/8731/t/11/assets/iconsae75.ttf]
[cdn.shopify.com/s/files/1/0114/0994/8731/t/11/assets/icons9076.svg]
[cdn.shopify.com/s/files/1/0114/0994/8731/t/11/assets/ico-selectde0d.svg]
[cdn.shopify.com/s/files/1/0114/0994/8731/t/11/assets/timber.scss2129.css]
[cdn.shopify.com/s/files/1/0114/0994/8731/t/11/assets/fontawesome-webfont3e6e.woff2]
[cdn.shopify.com/s/files/1/0114/0994/8731/t/11/assets/fontawesome-webfont3e6e.woff]
[cdn.shopify.com/s/files/1/0114/0994/8731/t/11/assets/fontawesome-webfont3e6e.eot]
[cdn.shopify.com/s/files/1/0114/0994/8731/t/11/assets/bardy4212.eot]
[cdn.shopify.com/s/files/1/0114/0994/8731/t/11/assets/bardy4212.ttf]
[cdn.shopify.com/s/files/1/0114/0994/8731/t/11/assets/fontawesome-webfontd41d.eot]
[cdn.shopify.com/s/files/1/0114/0994/8731/t/11/assets/bardy4212.woff]
[cdn.shopify.com/s/files/1/0114/0994/8731/t/11/assets/bardy4212.svg]
[cdn.shopify.com/s/files/1/0114/0994/8731/t/11/assets/fontawesome-webfont3e6e.ttf]
[cdn.shopify.com/s/files/1/0114/0994/8731/t/11/assets/fancybox_sprite.png]
[cdn.shopify.com/s/files/1/0114/0994/8731/t/11/assets/fancybox_loading.gif]
[cdn.shopify.com/s/files/1/0114/0994/8731/t/11/assets/fontawesome-webfont3e6e.svg]
[cdn.shopify.com/s/files/1/0114/0994/8731/t/11/assets/blank.gif]
[cdn.shopify.com/s/files/1/0114/0994/8731/t/11/assets/fancybox_overlay.png]
[cdn.shopify.com/s/files/1/0114/0994/8731/t/11/assets/fancybox_sprite@2x.png]
[cdn.shopify.com/s/files/1/0114/0994/8731/t/11/assets/fancybox_loading@2x.gif]
[cdn.shopify.com/s/files/1/0114/0994/8731/t/11/assets/qcv-arrow-down.png]
[cdn.shopify.com/s/files/1/0114/0994/8731/t/11/assets/vendors2e5c.css]
[cdn.shopify.com/s/files/1/0114/0994/8731/t/11/assets/action-sprites.png]
[cdn.shopify.com/s/files/1/0114/0994/8731/t/11/assets/view-mode-sprites.png]
[cdn.shopify.com/s/files/1/0114/0994/8731/t/11/assets/action-sprites-3.png]
[cdn.shopify.com/s/files/1/0114/0994/8731/t/11/assets/theme-customf0a7.css]
[cdn.shopify.com/s/files/1/0114/0994/8731/t/11/assets/theme-responsivea890.css]
[cdn.shopify.com/s/files/1/0114/0994/8731/files/slider-bg-1_6d49d7e5-cbe7-4691-88af-c64249fe910f_1024x10241128.jpg]
[cdn.shopify.com/s/files/1/0114/0994/8731/t/11/assets/skin-theme2b1a.css]
[cdn.shopify.com/s/files/1/0114/0994/8731/t/11/assets/theme-color2408.css]
[bardy-demo.myshopify.com/POST.html]
[cdn.shopify.com/s/files/1/0114/0994/8731/t/11/compiled_assets/styles8196.css]
[cdn.shopify.com/s/files/1/0114/0994/8731/t/11/compiled_assets/scripts8196.js]
[bardy-demo.myshopify.com/index01bd.html]
[bardy-demo.myshopify.com/index30fd.html]
[bardy-demo.myshopify.com/index3328.html]
[bardy-demo.myshopify.com/indexb364.html]
[bardy-demo.myshopify.com/indexa8ca.html]
[bardy-demo.myshopify.com/index7344.html]
[bardy-demo.myshopify.com/index91ee.html]
[bardy-demo.myshopify.com/pages/POST.77.delayed]
[bardy-demo.myshopify.com/collections/best-seller-product.html]
[bardy-demo.myshopify.com/products/soldout-product.html]
[bardy-demo.myshopify.com/collections/featured-product.html]
[bardy-demo.myshopify.com/products/new-badge-product.html]
[bardy-demo.myshopify.com/products/sample-affiliate-product.html]
[bardy-demo.myshopify.com/products/variable-product.html]
[cdn.shopify.com/s/files/1/0114/0994/8731/files/subscribe-bg-1931f.jpg]
[bardy-demo.myshopify.com/pages/about.html]
[bardy-demo.myshopify.com/collections/all.atom]
[bardy-demo.myshopify.com/collections/all4658.html]
[bardy-demo.myshopify.com/collections/POST]
[bardy-demo.myshopify.com/products/dummy-text-for-title.html]
[bardy-demo.myshopify.com/products/katopeno-altuni-1.html]
[bardy-demo.myshopify.com/products/mostarizing-oil.html]
[bardy-demo.myshopify.com/products/new-and-sale-badge-product.html]
[bardy-demo.myshopify.com/collections/all9ba9.html]
[bardy-demo.myshopify.com/collections/new-arrival.html]
[bardy-demo.myshopify.com/collections/vendors323e.html]
[bardy-demo.myshopify.com/collections/vendors070d.html]
[bardy-demo.myshopify.com/collections/vendors16d1.html]
[bardy-demo.myshopify.com/collections/vendorsc606.html]
[bardy-demo.myshopify.com/collections/vendors97a5.html]
[bardy-demo.myshopify.com/collections/typesbbf6.html]
[bardy-demo.myshopify.com/collections/types788e.html]
[bardy-demo.myshopify.com/collections/types8052.html]
[bardy-demo.myshopify.com/collections/types558c.html]
[bardy-demo.myshopify.com/collections/typesae42.html]
[bardy-demo.myshopify.com/collections/all/red.html]
[bardy-demo.myshopify.com/collections/all/green.html]
[bardy-demo.myshopify.com/collections/all/blue.html]
[bardy-demo.myshopify.com/collections/all/yellow.html]
[bardy-demo.myshopify.com/collections/all/white.html]
[bardy-demo.myshopify.com/collections/all/gold.html]
[bardy-demo.myshopify.com/collections/all/gray.html]
[bardy-demo.myshopify.com/collections/all/magenta.html]
[bardy-demo.myshopify.com/collections/all/maroon.html]
[bardy-demo.myshopify.com/collections/all/navy.html]
[bardy-demo.myshopify.com/collections/all/s.html]
[bardy-demo.myshopify.com/collections/all/m.html]
[bardy-demo.myshopify.com/collections/all/l.html]
[bardy-demo.myshopify.com/collections/all/xl.html]
[bardy-demo.myshopify.com/collections/all/xxl.html]
[bardy-demo.myshopify.com/collections/all/black.html]
[bardy-demo.myshopify.com/collections/all/fiber.html]
[bardy-demo.myshopify.com/collections/all/leather.html]
[bardy-demo.myshopify.com/collections/all/metal.html]
[bardy-demo.myshopify.com/collections/all/orange.html]
[cdn.shopify.com/s/files/1/0114/0994/8731/files/banner-3fedb.jpg]
[bardy-demo.myshopify.com/collections/all.html]
[bardy-demo.myshopify.com/collections/all/pink.html]
[bardy-demo.myshopify.com/collections/best-seller-product/products/vortahole-valohoi.html]
[bardy-demo.myshopify.com/collections/best-seller-product/products/buffekete-chai.html]
[bardy-demo.myshopify.com/collections/best-seller-product/products/countdown-product.html]
[bardy-demo.myshopify.com/collections/best-seller-product/products/dummy-text-for-title-1.html]
[bardy-demo.myshopify.com/collections/featured-product/products/vortahole-valohoi.html]
[bardy-demo.myshopify.com/collections/featured-product/products/dummy-product-name.html]
[bardy-demo.myshopify.com/collections/featured-product/products/buffekete-chai.html]
[bardy-demo.myshopify.com/collections/featured-product/products/countdown-product.html]
[bardy-demo.myshopify.com/collections/new-arrival/products/vortahole-valohoi.html]
[bardy-demo.myshopify.com/collections/new-arrival/products/dummy-product-name.html]
[bardy-demo.myshopify.com/collections/new-arrival/products/buffekete-chai.html]
[bardy-demo.myshopify.com/collections.html]
[bardy-demo.myshopify.com/services/storefront/create_sharing_access_token/76474974267.html]
[bardy-demo.myshopify.com/collections/new-arrival/products/dummy-text-for-title-1.html]
[bardy-demo.myshopify.com/products/katopeno-altuni.html]
[bardy-demo.myshopify.com/services/storefront/create_sharing_access_token/44475252795.html]
[bardy-demo.myshopify.com/blogs/news.html]
[bardy-demo.myshopify.com/blogs/news/index1f5f.html]
[bardy-demo.myshopify.com/blogs/news/index30fd.html]
[bardy-demo.myshopify.com/pages/contact.html]
[bardy-demo.myshopify.com/account/login.html]
[bardy-demo.myshopify.com/account/register.html]
[bardy-demo.myshopify.com/pages/wishlist.html]
[bardy-demo.myshopify.com/cart.html]
[bardy-demo.myshopify.com/products/vortahole-valohoi.html]
[bardy-demo.myshopify.com/products/dummy-product-name.html]
[bardy-demo.myshopify.com/products/buffekete-chai.html]
[bardy-demo.myshopify.com/products/dummy-text-for-title-1.html]
[bardy-demo.myshopify.com/products/baizidale-momone.html]
[bardy-demo.myshopify.com/products/origeno-veledita.html]
[bardy-demo.myshopify.com/products/countdown-product.html]
[bardy-demo.myshopify.com/products/simple-product.html]
[bardy-demo.myshopify.com/pages/shipping-policy.html]
[bardy-demo.myshopify.com/pages/size-chart.html]
[bardy-demo.myshopify.com/account/login4236.html]
[cdn.shopify.com/s/files/1/0114/0994/8731/t/11/assets/icons9076.svg]
[cdn.shopify.com/s/files/1/0114/0994/8731/t/11/assets/ico-selectde0d.svg]
[cdn.shopify.com/s/files/1/0114/0994/8731/t/11/assets/fontawesome-webfont3e6e.svg]
[cdn.shopify.com/s/files/1/0114/0994/8731/t/11/assets/bardy4212.svg]
[bardy-demo.myshopify.com/pages/POST.html]
[bardy-demo.myshopify.com/collections/best-seller-product.html]
[bardy-demo.myshopify.com/products/soldout-product.html]
[bardy-demo.myshopify.com/collections/featured-product.html]
[bardy-demo.myshopify.com/products/new-badge-product.html]
[bardy-demo.myshopify.com/products/sample-affiliate-product.html]
[bardy-demo.myshopify.com/products/variable-product.html]
[bardy-demo.myshopify.com/collections/all4658.html]
[bardy-demo.myshopify.com/collections/POST.html]
[bardy-demo.myshopify.com/products/dummy-text-for-title.html]
[bardy-demo.myshopify.com/products/katopeno-altuni-1.html]
[bardy-demo.myshopify.com/products/mostarizing-oil.html]
[bardy-demo.myshopify.com/products/new-and-sale-badge-product.html]
[bardy-demo.myshopify.com/collections/all9ba9.html]
[bardy-demo.myshopify.com/collections/new-arrival.html]
[bardy-demo.myshopify.com/collections/vendors323e.html]
[bardy-demo.myshopify.com/collections/vendors070d.html]
[bardy-demo.myshopify.com/collections/vendors16d1.html]
[bardy-demo.myshopify.com/collections/vendorsc606.html]
[bardy-demo.myshopify.com/collections/vendors97a5.html]
[bardy-demo.myshopify.com/collections/typesbbf6.html]
[bardy-demo.myshopify.com/collections/types788e.html]
[bardy-demo.myshopify.com/collections/types8052.html]
[bardy-demo.myshopify.com/collections/types558c.html]
[bardy-demo.myshopify.com/collections/typesae42.html]
[bardy-demo.myshopify.com/collections/all/red.html]
[bardy-demo.myshopify.com/collections/all/green.html]
[bardy-demo.myshopify.com/collections/all/blue.html]
[bardy-demo.myshopify.com/collections/all/yellow.html]
[bardy-demo.myshopify.com/collections/all/white.html]
[bardy-demo.myshopify.com/collections/all/gold.html]
[bardy-demo.myshopify.com/collections/all/gray.html]
[bardy-demo.myshopify.com/collections/all/magenta.html]
[bardy-demo.myshopify.com/collections/all/maroon.html]
[bardy-demo.myshopify.com/collections/all/navy.html]
[bardy-demo.myshopify.com/collections/all/s.html]
[bardy-demo.myshopify.com/collections/all/m.html]
[bardy-demo.myshopify.com/collections/all/l.html]
[bardy-demo.myshopify.com/collections/all/xl.html]
[bardy-demo.myshopify.com/collections/all/xxl.html]
[bardy-demo.myshopify.com/collections/all/black.html]
[bardy-demo.myshopify.com/collections/all/fiber.html]
[bardy-demo.myshopify.com/collections/all/leather.html]
[bardy-demo.myshopify.com/collections/all/metal.html]
[bardy-demo.myshopify.com/collections/all/orange.html]
[bardy-demo.myshopify.com/collections/all/pink.html]
[bardy-demo.myshopify.com/collections/best-seller-product/products/vortahole-valohoi.html]
[bardy-demo.myshopify.com/collections/best-seller-product/products/buffekete-chai.html]
[bardy-demo.myshopify.com/collections/best-seller-product/products/countdown-product.html]
[bardy-demo.myshopify.com/collections/best-seller-product/products/dummy-text-for-title-1.html]
[bardy-demo.myshopify.com/collections/featured-product/products/vortahole-valohoi.html]
[bardy-demo.myshopify.com/collections/featured-product/products/dummy-product-name.html]
[bardy-demo.myshopify.com/collections/featured-product/products/buffekete-chai.html]
[bardy-demo.myshopify.com/collections/featured-product/products/countdown-product.html]
[bardy-demo.myshopify.com/collections/new-arrival/products/vortahole-valohoi.html]
[bardy-demo.myshopify.com/collections/new-arrival/products/dummy-product-name.html]
[bardy-demo.myshopify.com/collections/new-arrival/products/buffekete-chai.html]
[bardy-demo.myshopify.com/collections/new-arrival/products/dummy-text-for-title-1.html]
[bardy-demo.myshopify.com/products/murikhete-paris]
[cdn.shopify.com/s/files/1/0114/0994/8731/products/product-13_01e166a2-985d-4fff-bb57-99f4c9ae927a_grande21f9.png]
[cdn.shopify.com/s/files/1/0114/0994/8731/products/product-12_67e491d9-c2b5-4a45-a080-87b9f6d43f75_grande3a0d.png]
[cdn.shopify.com/s/files/1/0114/0994/8731/products/product-11_7c7f088c-a1ca-44c3-9e24-513fc5a76563_grande240e.png]
[bardy-demo.myshopify.com/products/katopeno-altuni.oembed]
[bardy-demo.myshopify.com/products/POST]
[bardy-demo.myshopify.com/checkout]
[cdn.shopify.com/s/files/1/0114/0994/8731/products/product-11_7c7f088c-a1ca-44c3-9e24-513fc5a76563_1024x1024240e.png]
[cdn.shopify.com/s/files/1/0114/0994/8731/products/product-11_7c7f088c-a1ca-44c3-9e24-513fc5a76563_compact240e.png]
[cdn.shopify.com/s/files/1/0114/0994/8731/products/product-12_67e491d9-c2b5-4a45-a080-87b9f6d43f75_1024x10243a0d.png]
[cdn.shopify.com/s/files/1/0114/0994/8731/products/product-12_67e491d9-c2b5-4a45-a080-87b9f6d43f75_compact3a0d.png]
[cdn.shopify.com/s/files/1/0114/0994/8731/products/product-13_01e166a2-985d-4fff-bb57-99f4c9ae927a_1024x102421f9.png]
[cdn.shopify.com/s/files/1/0114/0994/8731/products/product-13_01e166a2-985d-4fff-bb57-99f4c9ae927a_compact21f9.png]
[cdn.shopify.com/s/files/1/0114/0994/8731/products/product-14_a6adc79f-2c89-452e-9421-69c60a97dcc0_1024x1024d9ad.png]
[cdn.shopify.com/s/files/1/0114/0994/8731/products/product-14_a6adc79f-2c89-452e-9421-69c60a97dcc0_compactd9ad.png]
[cdn.shopify.com/s/files/1/0114/0994/8731/products/product-15_a02cfe05-0658-4aba-8bdf-613889f82c81_1024x10240b50.png]
[cdn.shopify.com/s/files/1/0114/0994/8731/products/product-15_a02cfe05-0658-4aba-8bdf-613889f82c81_compact0b50.png]
[cdn.shopify.com/s/files/1/0114/0994/8731/products/product-16_1024x1024c4f2.png]
[cdn.shopify.com/s/files/1/0114/0994/8731/products/product-16_compactc4f2.png]
[cdn.shopify.com/s/global/social/social-icons.css]
[pinterest.com/pin/create/button/index1560.html]
[cdn.shopify.com/s/files/1/0114/0994/8731/files/payment_1024x1024c420.png]
[connect.facebook.net/en_US/sdk.js]
[bardy-demo.myshopify.com/collections/best-seller-product/products/katopeno-altuni-1]
[bardy-demo.myshopify.com/collections/best-seller-product/products/new-badge-product]
[bardy-demo.myshopify.com/collections/best-seller-product/products/variable-product]
[bardy-demo.myshopify.com/collections/best-seller-product/products/soldout-product]
[bardy-demo.myshopify.com/collections/best-seller-product/products/sample-affiliate-product]
[bardy-demo.myshopify.com/collections/best-seller-product/products/without-shortcode-product]
[bardy-demo.myshopify.com/collections/best-seller-product/products/product-with-video]
[cdn.shopify.com/s/files/1/0114/0994/8731/t/11/assets/jquery.elevateZoom-3.0.8.minc06e.js]
[cdn.shopify.com/s/files/1/0114/0994/8731/t/11/assets/jquery.fancybox8196.css]
[cdn.shopify.com/s/files/1/0114/0994/8731/t/11/assets/jquery.fancybox.min9c4d.js]
[cdn.shopify.com/s/files/1/0114/0994/8731/t/10/assets/timber.scssfb3e.css]
[cdn.shopify.com/s/files/1/0114/0994/8731/t/10/assets/bootstrap.min0d61.css]
[cdn.shopify.com/s/files/1/0114/0994/8731/t/10/assets/font-awesome.minaee4.css]
[cdn.shopify.com/s/files/1/0114/0994/8731/t/10/assets/bardy-icons3fc4.css]
[cdn.shopify.com/s/files/1/0114/0994/8731/t/10/assets/pluginsc46e.css]
[cdn.shopify.com/s/files/1/0114/0994/8731/t/10/assets/helperb174.css]
[cdn.shopify.com/s/files/1/0114/0994/8731/t/10/assets/jquery.fancyboxec00.css]
[cdn.shopify.com/s/files/1/0114/0994/8731/t/10/assets/preloaderf20e.css]
[cdn.shopify.com/s/files/1/0114/0994/8731/t/10/assets/styledef8.css]
[cdn.shopify.com/s/files/1/0114/0994/8731/t/10/assets/theme-default4edb.css]
[cdn.shopify.com/s/files/1/0114/0994/8731/t/10/assets/theme-custom905f.css]
[cdn.shopify.com/s/files/1/0114/0994/8731/t/10/assets/theme-rtlefa0.css]
[cdn.shopify.com/s/files/1/0114/0994/8731/t/10/assets/theme-responsiveeb5e.css]
[cdn.shopify.com/s/files/1/0114/0994/8731/t/10/assets/theme-responsive-rtl2380.css]
[cdn.shopify.com/s/files/1/0114/0994/8731/t/10/assets/skin-theme162c.css]
[cdn.shopify.com/s/files/1/0114/0994/8731/t/10/assets/theme-color9bb8.css]
[bardy-demo.myshopify.com/blogs/news.atom]
[bardy-demo.myshopify.com/blogs/news4658]
[bardy-demo.myshopify.com/blogs/POST]
[cdn.shopify.com/s/assets/storefront/bars/preview_bar_injector-1e3a713add37dacb26a2846054e5bf73c968340c06cb4dbaa8b985dce031f4cd.js]
[cdn.shopify.com/s/files/1/0114/0994/8731/t/10/compiled_assets/styles8196.css]
[cdn.shopify.com/s/files/1/0114/0994/8731/t/10/compiled_assets/scripts8196.js]
[cdn.shopify.com/s/files/1/0114/0994/8731/t/10/assets/modernizr-3.5.0.minbe56.js]
[cdn.shopify.com/s/files/1/0114/0994/8731/t/10/assets/jquery-1.12.4.min977b.js]
[cdn.shopify.com/s/files/1/0114/0994/8731/t/10/assets/popper.min8bce.js]
[cdn.shopify.com/s/files/1/0114/0994/8731/t/10/assets/bootstrap.min5f38.js]
[cdn.shopify.com/s/files/1/0114/0994/8731/t/10/assets/plugins0f35.js]
[cdn.shopify.com/s/files/1/0114/0994/8731/t/10/assets/jquery.countdown.min2b8a.js]
[cdn.shopify.com/s/files/1/0114/0994/8731/t/10/assets/cart.apif3fd.js]
[cdn.shopify.com/s/files/1/0114/0994/8731/t/10/assets/theme1bc6.js]
[bardy-demo.myshopify.com/blogs/news/where-to-buy-beard-oil]
[bardy-demo.myshopify.com/blogs/assets/images/blog/blog-1.jpg]
[cdn.shopify.com/s/files/1/0114/0994/8731/articles/blog-02_large91b8.png]
[bardy-demo.myshopify.com/blogs/news/what-does-beard-oil-do]
[cdn.shopify.com/s/files/1/0114/0994/8731/articles/blog-04_large8bbe.png]
[bardy-demo.myshopify.com/blogs/news/to-promote-beard-growth]
[cdn.shopify.com/s/files/1/0114/0994/8731/articles/blog-06_large180d.png]
[bardy-demo.myshopify.com/blogs/news/usefulness-of-beard-oil]
[cdn.shopify.com/s/files/1/0114/0994/8731/articles/blog-10_largeade6.png]
[bardy-demo.myshopify.com/blogs/news/why-use-beard-oil]
[cdn.shopify.com/s/files/1/0114/0994/8731/articles/blog-09_large39fb.png]
[bardy-demo.myshopify.com/blogs/news/stylish-and-glossy-beard]
[cdn.shopify.com/s/files/1/0114/0994/8731/articles/blog-05_large9ac9.png]
[cdn.shopify.com/s/files/1/0114/0994/8731/articles/blog-02_85x85_crop_center91b8.png]
[cdn.shopify.com/s/files/1/0114/0994/8731/articles/blog-04_85x85_crop_center8bbe.png]
[cdn.shopify.com/s/files/1/0114/0994/8731/articles/blog-06_85x85_crop_center180d.png]
[bardy-demo.myshopify.com/blogs/news/oil-for-beard-growing]
[bardy-demo.myshopify.com/blogs/news/nasir-blog]
[bardy-demo.myshopify.com/blogs/news/tagged/beard]
[bardy-demo.myshopify.com/blogs/news/tagged/beard-oil]
[bardy-demo.myshopify.com/blogs/news/tagged/oil]
[cdn.shopify.com/s/files/1/0114/0994/8731/t/10/assets/fastclick.min1125.js]
[cdn.shopify.com/s/files/1/0114/0994/8731/t/10/assets/timber6083.js]
[cdn.shopify.com/s/files/1/0114/0994/8731/t/10/assets/wishlistfdb7.js]
[cdn.shopify.com/s/files/1/0114/0994/8731/t/10/assets/jquery.currencies.min1a82.js]
[cdn.shopify.com/s/files/1/0114/0994/8731/t/8/assets/timber.scsscfe0.css]
[cdn.shopify.com/s/files/1/0114/0994/8731/t/8/assets/bootstrap.min0d61.css]
[cdn.shopify.com/s/files/1/0114/0994/8731/t/8/assets/font-awesome.minaee4.css]
[cdn.shopify.com/s/files/1/0114/0994/8731/t/8/assets/bardy-icons3fc4.css]
[cdn.shopify.com/s/files/1/0114/0994/8731/t/8/assets/pluginsc46e.css]
[cdn.shopify.com/s/files/1/0114/0994/8731/t/8/assets/helperb174.css]
[cdn.shopify.com/s/files/1/0114/0994/8731/t/8/assets/jquery.fancyboxec00.css]
[cdn.shopify.com/s/files/1/0114/0994/8731/t/8/assets/preloader01c3.css]
[cdn.shopify.com/s/files/1/0114/0994/8731/t/8/assets/styledef8.css]
[cdn.shopify.com/s/files/1/0114/0994/8731/t/8/assets/theme-default4edb.css]
[cdn.shopify.com/s/files/1/0114/0994/8731/t/8/assets/theme-customc27f.css]
[cdn.shopify.com/s/files/1/0114/0994/8731/t/8/assets/theme-responsiveec68.css]
[cdn.shopify.com/s/files/1/0114/0994/8731/t/8/assets/skin-theme162c.css]
[cdn.shopify.com/s/files/1/0114/0994/8731/t/8/assets/theme-color9bb8.css]
[bardy-demo.myshopify.com/account/POST]
[cdn.shopify.com/s/files/1/0114/0994/8731/t/8/compiled_assets/styles8196.css]
[cdn.shopify.com/s/files/1/0114/0994/8731/t/8/compiled_assets/scripts8196.js]
[cdn.shopify.com/s/files/1/0114/0994/8731/t/8/assets/modernizr-3.5.0.minbe56.js]
[cdn.shopify.com/s/files/1/0114/0994/8731/t/8/assets/jquery-1.12.4.min977b.js]
[cdn.shopify.com/s/files/1/0114/0994/8731/t/8/assets/popper.min8bce.js]
[cdn.shopify.com/s/files/1/0114/0994/8731/t/8/assets/bootstrap.min5f38.js]
[cdn.shopify.com/s/files/1/0114/0994/8731/t/8/assets/plugins0f35.js]
[cdn.shopify.com/s/files/1/0114/0994/8731/t/8/assets/jquery.countdown.min2b8a.js]
[cdn.shopify.com/s/files/1/0114/0994/8731/t/8/assets/cart.apif3fd.js]
[cdn.shopify.com/s/files/1/0114/0994/8731/t/8/assets/theme8225.js]
[cdn.shopify.com/s/files/1/0114/0994/8731/t/8/assets/fastclick.min1125.js]
[cdn.shopify.com/s/files/1/0114/0994/8731/t/8/assets/timber6083.js]
[cdn.shopify.com/s/files/1/0114/0994/8731/t/8/assets/wishlistfdb7.js]
[cdn.shopify.com/s/files/1/0114/0994/8731/t/8/assets/jquery.currencies.min1a82.js]
[cdn.shopify.com/s/files/1/0114/0994/8731/products/product-16_6b2e0b3a-5c89-4f30-83d5-0a32521e0ae5_grande2e62.png]
[cdn.shopify.com/s/files/1/0114/0994/8731/products/product-15_a1352bfd-35f0-434a-880d-c698e58ee05e_grande75fb.png]
[cdn.shopify.com/s/files/1/0114/0994/8731/products/product-14_6be0fb17-698b-4356-832f-5c8873a277af_grandea655.png]
[bardy-demo.myshopify.com/products/vortahole-valohoi.oembed]
[cdn.shopify.com/s/files/1/0114/0994/8731/products/product-14_6be0fb17-698b-4356-832f-5c8873a277af_1024x1024a655.png]
[cdn.shopify.com/s/files/1/0114/0994/8731/products/product-14_6be0fb17-698b-4356-832f-5c8873a277af_compacta655.png]
[cdn.shopify.com/s/files/1/0114/0994/8731/products/product-15_a1352bfd-35f0-434a-880d-c698e58ee05e_1024x102475fb.png]
[cdn.shopify.com/s/files/1/0114/0994/8731/products/product-15_a1352bfd-35f0-434a-880d-c698e58ee05e_compact75fb.png]
[cdn.shopify.com/s/files/1/0114/0994/8731/products/product-16_6b2e0b3a-5c89-4f30-83d5-0a32521e0ae5_1024x10242e62.png]
[cdn.shopify.com/s/files/1/0114/0994/8731/products/product-16_6b2e0b3a-5c89-4f30-83d5-0a32521e0ae5_compact2e62.png]
[cdn.shopify.com/s/files/1/0114/0994/8731/products/product-01_e10eb157-eea9-4cf6-9a06-acf37e4af236_1024x10241832.png]
[cdn.shopify.com/s/files/1/0114/0994/8731/products/product-01_e10eb157-eea9-4cf6-9a06-acf37e4af236_compact1832.png]
[cdn.shopify.com/s/files/1/0114/0994/8731/products/product-02_f5d52644-5155-4fd1-9f62-ae6a353e6933_1024x10244876.png]
[cdn.shopify.com/s/files/1/0114/0994/8731/products/product-02_f5d52644-5155-4fd1-9f62-ae6a353e6933_compact4876.png]
[pinterest.com/pin/create/button/indexb8e8.html]
[cdn.shopify.com/s/files/1/0082/5078/5910/files/mens-t-shirt-size-chart_ed0b1fdd-271a-4221-9d65-41a27bf4c685_2048x2048992e.png]
[cdn.shopify.com/s/files/1/0114/0994/8731/t/8/assets/jquery.elevateZoom-3.0.8.minc06e.js]
[cdn.shopify.com/s/files/1/0114/0994/8731/t/8/assets/jquery.fancybox.min9c4d.js]
[cdn.shopify.com/s/files/1/0114/0994/8731/products/product-05_cf5b6c15-53d8-4164-828c-8178dfd5d60c_grande5db8.png]
[cdn.shopify.com/s/files/1/0114/0994/8731/products/product-04_461857fd-000b-437d-a394-eaad06a2a7df_grande7e59.png]
[cdn.shopify.com/s/files/1/0114/0994/8731/products/product-03_40bb252e-3b05-4b73-a0ee-1110f68d6138_grandeef7d.png]
[bardy-demo.myshopify.com/products/dummy-product-name.oembed]
[cdn.shopify.com/s/files/1/0114/0994/8731/products/product-03_40bb252e-3b05-4b73-a0ee-1110f68d6138_1024x1024ef7d.png]
[cdn.shopify.com/s/files/1/0114/0994/8731/products/product-03_40bb252e-3b05-4b73-a0ee-1110f68d6138_compactef7d.png]
[cdn.shopify.com/s/files/1/0114/0994/8731/products/product-04_461857fd-000b-437d-a394-eaad06a2a7df_1024x10247e59.png]
[cdn.shopify.com/s/files/1/0114/0994/8731/products/product-04_461857fd-000b-437d-a394-eaad06a2a7df_compact7e59.png]
[cdn.shopify.com/s/files/1/0114/0994/8731/products/product-05_cf5b6c15-53d8-4164-828c-8178dfd5d60c_1024x10245db8.png]
[cdn.shopify.com/s/files/1/0114/0994/8731/products/product-05_cf5b6c15-53d8-4164-828c-8178dfd5d60c_compact5db8.png]
[cdn.shopify.com/s/files/1/0114/0994/8731/products/product-06_f4d3a2e2-01d8-4fc7-92d7-fbe1a9e9e786_1024x10240a1b.png]
[cdn.shopify.com/s/files/1/0114/0994/8731/products/product-06_f4d3a2e2-01d8-4fc7-92d7-fbe1a9e9e786_compact0a1b.png]
[cdn.shopify.com/s/files/1/0114/0994/8731/products/product-07_50450bd5-dd26-40ba-a640-d62ae123b517_1024x1024a920.png]
[cdn.shopify.com/s/files/1/0114/0994/8731/products/product-07_50450bd5-dd26-40ba-a640-d62ae123b517_compacta920.png]
[cdn.shopify.com/s/files/1/0114/0994/8731/products/product-08_053a22d1-4a4f-4760-bb9a-8c3693ac8b14_1024x1024ef19.png]
[cdn.shopify.com/s/files/1/0114/0994/8731/products/product-08_053a22d1-4a4f-4760-bb9a-8c3693ac8b14_compactef19.png]
[pinterest.com/pin/create/button/indexee63.html]
[cdn.shopify.com/s/files/1/0114/0994/8731/products/product-04_66194e68-5440-4409-a7ff-c27f40dfc960_grande0bfa.png]
[cdn.shopify.com/s/files/1/0114/0994/8731/products/product-03_c9279ef3-73b3-49c6-a129-f28fa1a1b8fd_grande2635.png]
[cdn.shopify.com/s/files/1/0114/0994/8731/products/product-02_d979a77b-ff52-4548-8861-428f2306d3cb_grande7147.png]
[bardy-demo.myshopify.com/products/buffekete-chai.oembed]
[cdn.shopify.com/s/files/1/0114/0994/8731/products/product-02_d979a77b-ff52-4548-8861-428f2306d3cb_1024x10247147.png]
[cdn.shopify.com/s/files/1/0114/0994/8731/products/product-02_d979a77b-ff52-4548-8861-428f2306d3cb_compact7147.png]
[cdn.shopify.com/s/files/1/0114/0994/8731/products/product-03_c9279ef3-73b3-49c6-a129-f28fa1a1b8fd_1024x10242635.png]
[cdn.shopify.com/s/files/1/0114/0994/8731/products/product-03_c9279ef3-73b3-49c6-a129-f28fa1a1b8fd_compact2635.png]
[cdn.shopify.com/s/files/1/0114/0994/8731/products/product-04_66194e68-5440-4409-a7ff-c27f40dfc960_1024x10240bfa.png]
[cdn.shopify.com/s/files/1/0114/0994/8731/products/product-04_66194e68-5440-4409-a7ff-c27f40dfc960_compact0bfa.png]
[cdn.shopify.com/s/files/1/0114/0994/8731/products/product-05_80ac37ef-ffa0-4ff6-a600-e9e01882c3b8_1024x1024bf48.png]
[cdn.shopify.com/s/files/1/0114/0994/8731/products/product-05_80ac37ef-ffa0-4ff6-a600-e9e01882c3b8_compactbf48.png]
[cdn.shopify.com/s/files/1/0114/0994/8731/products/product-06_19ea3ad5-d035-4b26-878b-a92e2ac03af1_1024x10247738.png]
[cdn.shopify.com/s/files/1/0114/0994/8731/products/product-06_19ea3ad5-d035-4b26-878b-a92e2ac03af1_compact7738.png]
[pinterest.com/pin/create/button/index3bca.html]
[cdn.shopify.com/s/files/1/0114/0994/8731/products/product-08_39141d89-a2be-4b5d-943f-bdc4393d1c99_grande7449.png]
[cdn.shopify.com/s/files/1/0114/0994/8731/products/product-07_d75b93fe-9076-4ddf-9439-0b9919396334_grande69da.png]
[cdn.shopify.com/s/files/1/0114/0994/8731/products/product-06_2dfa2c9d-892b-4250-b017-c1161389e20f_grande9a5a.png]
[bardy-demo.myshopify.com/products/dummy-text-for-title-1.oembed]
[cdn.shopify.com/s/files/1/0114/0994/8731/products/product-06_2dfa2c9d-892b-4250-b017-c1161389e20f_1024x10249a5a.png]
[cdn.shopify.com/s/files/1/0114/0994/8731/products/product-06_2dfa2c9d-892b-4250-b017-c1161389e20f_compact9a5a.png]
[cdn.shopify.com/s/files/1/0114/0994/8731/products/product-07_d75b93fe-9076-4ddf-9439-0b9919396334_1024x102469da.png]
[cdn.shopify.com/s/files/1/0114/0994/8731/products/product-07_d75b93fe-9076-4ddf-9439-0b9919396334_compact69da.png]
[cdn.shopify.com/s/files/1/0114/0994/8731/products/product-08_39141d89-a2be-4b5d-943f-bdc4393d1c99_1024x10247449.png]
[cdn.shopify.com/s/files/1/0114/0994/8731/products/product-08_39141d89-a2be-4b5d-943f-bdc4393d1c99_compact7449.png]
[cdn.shopify.com/s/files/1/0114/0994/8731/products/product-09_917ce53f-55df-4b2d-9a1b-3ac83c72373e_1024x10240979.png]
[cdn.shopify.com/s/files/1/0114/0994/8731/products/product-09_917ce53f-55df-4b2d-9a1b-3ac83c72373e_compact0979.png]
[cdn.shopify.com/s/files/1/0114/0994/8731/products/product-10_84573a1e-751c-4ea8-b30d-8f6b042e5191_1024x10245827.png]
[cdn.shopify.com/s/files/1/0114/0994/8731/products/product-10_84573a1e-751c-4ea8-b30d-8f6b042e5191_compact5827.png]
[cdn.shopify.com/s/files/1/0114/0994/8731/products/product-11_27a846cc-617c-4976-a12d-2e756f321dbf_1024x10242ab3.png]
[cdn.shopify.com/s/files/1/0114/0994/8731/products/product-11_27a846cc-617c-4976-a12d-2e756f321dbf_compact2ab3.png]
[pinterest.com/pin/create/button/indexe29e.html]
[cdn.shopify.com/s/files/1/0114/0994/8731/products/product-03_e1bf5cbb-1e4d-43c1-82c0-087dd29ce343_grande9d35.png]
[cdn.shopify.com/s/files/1/0114/0994/8731/products/product-02_fe294dee-61c2-499c-9a7a-acd4d10141ac_grande7dd3.png]
[cdn.shopify.com/s/files/1/0114/0994/8731/products/product-01_339e2dab-71ff-4adb-afaa-149377f4f3e6_grandea223.png]
[bardy-demo.myshopify.com/products/baizidale-momone.oembed]
[cdn.shopify.com/s/files/1/0114/0994/8731/products/product-01_339e2dab-71ff-4adb-afaa-149377f4f3e6_1024x1024a223.png]
[cdn.shopify.com/s/files/1/0114/0994/8731/products/product-01_339e2dab-71ff-4adb-afaa-149377f4f3e6_compacta223.png]
[cdn.shopify.com/s/files/1/0114/0994/8731/products/product-02_fe294dee-61c2-499c-9a7a-acd4d10141ac_1024x10247dd3.png]
[cdn.shopify.com/s/files/1/0114/0994/8731/products/product-02_fe294dee-61c2-499c-9a7a-acd4d10141ac_compact7dd3.png]
[cdn.shopify.com/s/files/1/0114/0994/8731/products/product-03_e1bf5cbb-1e4d-43c1-82c0-087dd29ce343_1024x10249d35.png]
[cdn.shopify.com/s/files/1/0114/0994/8731/products/product-03_e1bf5cbb-1e4d-43c1-82c0-087dd29ce343_compact9d35.png]
[cdn.shopify.com/s/files/1/0114/0994/8731/products/product-04_01354ffc-86dd-41b0-9ac1-baa784b88631_1024x10246004.png]
[cdn.shopify.com/s/files/1/0114/0994/8731/products/product-04_01354ffc-86dd-41b0-9ac1-baa784b88631_compact6004.png]
[cdn.shopify.com/s/files/1/0114/0994/8731/products/product-05_6fcac1fd-3a04-4344-8959-4ac211b6a6d9_1024x1024cd80.png]
[cdn.shopify.com/s/files/1/0114/0994/8731/products/product-05_6fcac1fd-3a04-4344-8959-4ac211b6a6d9_compactcd80.png]
[pinterest.com/pin/create/button/index5b33.html]
[cdn.shopify.com/s/files/1/0114/0994/8731/products/product-02_e0943dc2-255a-4f0e-a227-88e2842e7d8f_grandea954.png]
[cdn.shopify.com/s/files/1/0114/0994/8731/products/product-01_3a25fce0-8556-43fe-b065-ada60a02ddca_grande4f8f.png]
[cdn.shopify.com/s/files/1/0114/0994/8731/products/product-16_216fa8e1-22c7-4125-af79-0ffdcac7f4bb_grande6c99.png]
[bardy-demo.myshopify.com/products/origeno-veledita.oembed]
[cdn.shopify.com/s/files/1/0114/0994/8731/products/product-16_216fa8e1-22c7-4125-af79-0ffdcac7f4bb_1024x10246c99.png]
[cdn.shopify.com/s/files/1/0114/0994/8731/products/product-16_216fa8e1-22c7-4125-af79-0ffdcac7f4bb_compact6c99.png]
[cdn.shopify.com/s/files/1/0114/0994/8731/products/product-01_3a25fce0-8556-43fe-b065-ada60a02ddca_1024x10244f8f.png]
[cdn.shopify.com/s/files/1/0114/0994/8731/products/product-01_3a25fce0-8556-43fe-b065-ada60a02ddca_compact4f8f.png]
[cdn.shopify.com/s/files/1/0114/0994/8731/products/product-02_e0943dc2-255a-4f0e-a227-88e2842e7d8f_1024x1024a954.png]
[cdn.shopify.com/s/files/1/0114/0994/8731/products/product-02_e0943dc2-255a-4f0e-a227-88e2842e7d8f_compacta954.png]
[cdn.shopify.com/s/files/1/0114/0994/8731/products/product-03_b65c75d3-7f50-4744-8f29-3b9e40d8d9cb_1024x1024c61a.png]
[cdn.shopify.com/s/files/1/0114/0994/8731/products/product-03_b65c75d3-7f50-4744-8f29-3b9e40d8d9cb_compactc61a.png]
[cdn.shopify.com/s/files/1/0114/0994/8731/products/product-04_a4879fa0-a913-4b95-8b9c-504a3e20a03a_1024x10245255.png]
[cdn.shopify.com/s/files/1/0114/0994/8731/products/product-04_a4879fa0-a913-4b95-8b9c-504a3e20a03a_compact5255.png]
[pinterest.com/pin/create/button/indexf38a.html]
[cdn.shopify.com/s/files/1/0114/0994/8731/products/product-11_34ea1b0d-b57c-4275-ba9a-e4178084b765_grande8a7f.png]
[cdn.shopify.com/s/files/1/0114/0994/8731/products/product-10_e439f28a-d546-4af7-8fb7-e00206604b70_grande060a.png]
[cdn.shopify.com/s/files/1/0114/0994/8731/products/product-09_7cd13001-bfc2-4a9c-b8fc-dfd07a322eab_granded7ad.png]
[bardy-demo.myshopify.com/products/countdown-product.oembed]
[cdn.shopify.com/s/files/1/0114/0994/8731/products/product-09_7cd13001-bfc2-4a9c-b8fc-dfd07a322eab_1024x1024d7ad.png]
[cdn.shopify.com/s/files/1/0114/0994/8731/products/product-09_7cd13001-bfc2-4a9c-b8fc-dfd07a322eab_compactd7ad.png]
[cdn.shopify.com/s/files/1/0114/0994/8731/products/product-10_e439f28a-d546-4af7-8fb7-e00206604b70_1024x1024060a.png]
[cdn.shopify.com/s/files/1/0114/0994/8731/products/product-10_e439f28a-d546-4af7-8fb7-e00206604b70_compact060a.png]
[cdn.shopify.com/s/files/1/0114/0994/8731/products/product-11_34ea1b0d-b57c-4275-ba9a-e4178084b765_1024x10248a7f.png]
[cdn.shopify.com/s/files/1/0114/0994/8731/products/product-11_34ea1b0d-b57c-4275-ba9a-e4178084b765_compact8a7f.png]
[cdn.shopify.com/s/files/1/0114/0994/8731/products/product-12_0546cc83-9360-4ad0-aced-407b3a19c71f_1024x10245067.png]
[cdn.shopify.com/s/files/1/0114/0994/8731/products/product-12_0546cc83-9360-4ad0-aced-407b3a19c71f_compact5067.png]
[cdn.shopify.com/s/files/1/0114/0994/8731/products/product-13_2dbcd0d5-3599-4fee-95ce-be761a2c5a23_1024x1024a2a2.png]
[cdn.shopify.com/s/files/1/0114/0994/8731/products/product-13_2dbcd0d5-3599-4fee-95ce-be761a2c5a23_compacta2a2.png]
[cdn.shopify.com/s/files/1/0114/0994/8731/products/product-14_1024x10249296.png]
[cdn.shopify.com/s/files/1/0114/0994/8731/products/product-14_compact9296.png]
[pinterest.com/pin/create/button/index188b.html]
[cdn.shopify.com/s/files/1/0114/0994/8731/products/product-06_d63f86c4-2f26-4c8e-bcc0-83b8bd298859_grande01bd.png]
[bardy-demo.myshopify.com/products/simple-product.oembed]
[cdn.shopify.com/s/files/1/0114/0994/8731/products/product-06_d63f86c4-2f26-4c8e-bcc0-83b8bd298859_1024x102401bd.png]
[pinterest.com/pin/create/button/index93e7.html]
[bardy-demo.myshopify.com/collections/best-seller-product.atom]
[bardy-demo.myshopify.com/collections/best-seller-product4658]
[bardy-demo.myshopify.com/collections/best-seller-product.oembed]
[cdn.shopify.com/s/files/1/0114/0994/8731/products/product-14_6be0fb17-698b-4356-832f-5c8873a277af_largea655.png]
[cdn.shopify.com/s/files/1/0114/0994/8731/products/product-02_d979a77b-ff52-4548-8861-428f2306d3cb_large7147.png]
[cdn.shopify.com/s/files/1/0114/0994/8731/products/product-09_7cd13001-bfc2-4a9c-b8fc-dfd07a322eab_larged7ad.png]
[cdn.shopify.com/s/files/1/0114/0994/8731/products/product-06_2dfa2c9d-892b-4250-b017-c1161389e20f_large9a5a.png]
[cdn.shopify.com/s/files/1/0114/0994/8731/products/product-05_d5edf7fe-f426-4d52-b933-4f027e852e4f_large4eff.png]
[cdn.shopify.com/s/files/1/0114/0994/8731/products/product-04_12cec818-5bcb-4bfd-901f-c390d3551d35_large77c6.png]
[cdn.shopify.com/s/files/1/0114/0994/8731/products/product-05_72f14e97-51c0-4402-8323-debd55f91854_largeb477.png]
[cdn.shopify.com/s/files/1/0114/0994/8731/products/product-05_032300a1-9ef9-4024-8513-2c57a854eac7_largeb0fc.png]
[cdn.shopify.com/s/files/1/0114/0994/8731/products/product-08_f90e3217-5750-416e-ada6-33046c2e8967_large6311.png]
[cdn.shopify.com/s/files/1/0114/0994/8731/products/product-10_b53681e3-c004-4bce-9fed-5505c35adea1_large8ebd.png]
[cdn.shopify.com/s/files/1/0114/0994/8731/products/product-09_d24ee60c-04e3-477f-8e94-86c1aab35b81_largeee85.png]
[bardy-demo.myshopify.com/collections/best-seller-product/products/dummy-text-for-title]
[cdn.shopify.com/s/files/1/0114/0994/8731/products/product-07_3fc21226-b67d-4ca5-8a73-a86d85e264ff_large355a.png]
[bardy-demo.myshopify.com/collections/best-seller-product/products/product-dummy-title-1]
[cdn.shopify.com/s/files/1/0114/0994/8731/products/product-11_67a99bfe-5b7b-4685-a9c5-81f4b3366ddd_large9e7c.png]
[bardy-demo.myshopify.com/collections/best-seller-product/products/mostarizing-oil]
[cdn.shopify.com/s/files/1/0114/0994/8731/products/product-13_e8feb9b1-cddc-4f9f-8178-235d89b27cff_largef069.png]
[bardy-demo.myshopify.com/collections/best-seller-product/products/product-title-here-1]
[cdn.shopify.com/s/files/1/0114/0994/8731/products/product-15_b2984ce7-1f71-46b3-908f-93125a697f2a_large131d.png]
[cdn.shopify.com/s/files/1/0114/0994/8731/products/product-07_95a30d22-b4fa-4754-ac1d-2169be437a8a_grande714f.png]
[cdn.shopify.com/s/files/1/0114/0994/8731/products/product-06_7e4035c2-2f61-4e8d-bc15-38b3e036ae4d_grande8b37.png]
[cdn.shopify.com/s/files/1/0114/0994/8731/products/product-05_032300a1-9ef9-4024-8513-2c57a854eac7_grandeb0fc.png]
[bardy-demo.myshopify.com/products/soldout-product.oembed]
[cdn.shopify.com/s/files/1/0114/0994/8731/products/product-05_032300a1-9ef9-4024-8513-2c57a854eac7_1024x1024b0fc.png]
[cdn.shopify.com/s/files/1/0114/0994/8731/products/product-05_032300a1-9ef9-4024-8513-2c57a854eac7_compactb0fc.png]
[cdn.shopify.com/s/files/1/0114/0994/8731/products/product-06_7e4035c2-2f61-4e8d-bc15-38b3e036ae4d_1024x10248b37.png]
[cdn.shopify.com/s/files/1/0114/0994/8731/products/product-06_7e4035c2-2f61-4e8d-bc15-38b3e036ae4d_compact8b37.png]
[cdn.shopify.com/s/files/1/0114/0994/8731/products/product-07_95a30d22-b4fa-4754-ac1d-2169be437a8a_1024x1024714f.png]
[cdn.shopify.com/s/files/1/0114/0994/8731/products/product-07_95a30d22-b4fa-4754-ac1d-2169be437a8a_compact714f.png]
[cdn.shopify.com/s/files/1/0114/0994/8731/products/product-08_d2740cb4-f7b1-4c59-b0ba-7e54f4f56629_1024x10246294.png]
[cdn.shopify.com/s/files/1/0114/0994/8731/products/product-08_d2740cb4-f7b1-4c59-b0ba-7e54f4f56629_compact6294.png]
[cdn.shopify.com/s/files/1/0114/0994/8731/products/product-09_817a4192-4872-4eb8-a3c2-4c9b70222e93_1024x1024f69c.png]
[cdn.shopify.com/s/files/1/0114/0994/8731/products/product-09_817a4192-4872-4eb8-a3c2-4c9b70222e93_compactf69c.png]
[pinterest.com/pin/create/button/index82a4.html]
[bardy-demo.myshopify.com/collections/featured-product.atom]
[bardy-demo.myshopify.com/collections/featured-product.oembed]
[cdn.shopify.com/s/files/1/0114/0994/8731/products/product-03_40bb252e-3b05-4b73-a0ee-1110f68d6138_largeef7d.png]
[bardy-demo.myshopify.com/collections/featured-product/products/murikhete-paris]
[cdn.shopify.com/s/files/1/0114/0994/8731/products/product-12_ec2b483c-a325-439f-b778-d4c83a241fc9_large5da2.png]
[bardy-demo.myshopify.com/collections/featured-product/products/mostarizing-oil-1]
[cdn.shopify.com/s/files/1/0114/0994/8731/products/product-04_561c0d9d-068a-4a08-8c59-13f65fc3272a_largef82f.png]
[bardy-demo.myshopify.com/collections/featured-product/products/simple-product]
[cdn.shopify.com/s/files/1/0114/0994/8731/products/product-06_d63f86c4-2f26-4c8e-bcc0-83b8bd298859_large01bd.png]
[bardy-demo.myshopify.com/collections/featured-product/products/origeno-veledita]
[cdn.shopify.com/s/files/1/0114/0994/8731/products/product-16_216fa8e1-22c7-4125-af79-0ffdcac7f4bb_large6c99.png]
[bardy-demo.myshopify.com/collections/featured-product/products/product-dummy-title-4]
[cdn.shopify.com/s/files/1/0114/0994/8731/products/product-08_8b87cb02-619c-4f9a-8ed9-8345318651c8_large9668.png]
[bardy-demo.myshopify.com/collections/featured-product/products/variable-product]
[bardy-demo.myshopify.com/collections/featured-product/products/without-shortcode-product]
[bardy-demo.myshopify.com/collections/featured-product/products/product-with-video]
[bardy-demo.myshopify.com/collections/featured-product/products/product-title-here]
[cdn.shopify.com/s/files/1/0114/0994/8731/products/product-10_696a762f-9db4-4303-888b-04605b7e16df_large5e45.png]
[bardy-demo.myshopify.com/collections/featured-product/products/mostarizing-oil]
[bardy-demo.myshopify.com/collections/featured-product/products/baizidale-momone]
[cdn.shopify.com/s/files/1/0114/0994/8731/products/product-01_339e2dab-71ff-4adb-afaa-149377f4f3e6_largea223.png]
[cdn.shopify.com/s/files/1/0114/0994/8731/products/product-06_e02a5a76-1ba3-447d-83b8-dccf0925b712_grande7f24.png]
[cdn.shopify.com/s/files/1/0114/0994/8731/products/product-05_fa2da96b-6101-4160-830f-24e46146e9f2_grande1509.png]
[cdn.shopify.com/s/files/1/0114/0994/8731/products/product-04_12cec818-5bcb-4bfd-901f-c390d3551d35_grande77c6.png]
[bardy-demo.myshopify.com/products/new-badge-product.oembed]
[cdn.shopify.com/s/files/1/0114/0994/8731/products/product-04_12cec818-5bcb-4bfd-901f-c390d3551d35_1024x102477c6.png]
[cdn.shopify.com/s/files/1/0114/0994/8731/products/product-04_12cec818-5bcb-4bfd-901f-c390d3551d35_compact77c6.png]
[cdn.shopify.com/s/files/1/0114/0994/8731/products/product-05_fa2da96b-6101-4160-830f-24e46146e9f2_1024x10241509.png]
[cdn.shopify.com/s/files/1/0114/0994/8731/products/product-05_fa2da96b-6101-4160-830f-24e46146e9f2_compact1509.png]
[cdn.shopify.com/s/files/1/0114/0994/8731/products/product-06_e02a5a76-1ba3-447d-83b8-dccf0925b712_1024x10247f24.png]
[cdn.shopify.com/s/files/1/0114/0994/8731/products/product-06_e02a5a76-1ba3-447d-83b8-dccf0925b712_compact7f24.png]
[cdn.shopify.com/s/files/1/0114/0994/8731/products/product-07_ef744d63-6c1a-400c-bf3e-f1217a441166_1024x102470dc.png]
[cdn.shopify.com/s/files/1/0114/0994/8731/products/product-07_ef744d63-6c1a-400c-bf3e-f1217a441166_compact70dc.png]
[cdn.shopify.com/s/files/1/0114/0994/8731/products/product-08_1024x102493d4.png]
[cdn.shopify.com/s/files/1/0114/0994/8731/products/product-08_compact93d4.png]
[pinterest.com/pin/create/button/index529d.html]
[cdn.shopify.com/s/files/1/0114/0994/8731/products/product-10_fa419f6f-fd88-4da9-8cce-6ea179e24044_grandeff6c.png]
[cdn.shopify.com/s/files/1/0114/0994/8731/products/product-09_ccd495c0-b54f-4117-bfcb-47f70a48c487_granded918.png]
[cdn.shopify.com/s/files/1/0114/0994/8731/products/product-08_f90e3217-5750-416e-ada6-33046c2e8967_grande6311.png]
[bardy-demo.myshopify.com/products/sample-affiliate-product.oembed]
[cdn.shopify.com/s/files/1/0114/0994/8731/products/product-08_f90e3217-5750-416e-ada6-33046c2e8967_1024x10246311.png]
[cdn.shopify.com/s/files/1/0114/0994/8731/products/product-08_f90e3217-5750-416e-ada6-33046c2e8967_compact6311.png]
[cdn.shopify.com/s/files/1/0114/0994/8731/products/product-09_ccd495c0-b54f-4117-bfcb-47f70a48c487_1024x1024d918.png]
[cdn.shopify.com/s/files/1/0114/0994/8731/products/product-09_ccd495c0-b54f-4117-bfcb-47f70a48c487_compactd918.png]
[cdn.shopify.com/s/files/1/0114/0994/8731/products/product-10_fa419f6f-fd88-4da9-8cce-6ea179e24044_1024x1024ff6c.png]
[cdn.shopify.com/s/files/1/0114/0994/8731/products/product-10_fa419f6f-fd88-4da9-8cce-6ea179e24044_compactff6c.png]
[cdn.shopify.com/s/files/1/0114/0994/8731/products/product-11_d0b1adb7-241f-4bc9-a04e-c6ec0998050d_1024x102481b2.png]
[cdn.shopify.com/s/files/1/0114/0994/8731/products/product-11_d0b1adb7-241f-4bc9-a04e-c6ec0998050d_compact81b2.png]
[cdn.shopify.com/s/files/1/0114/0994/8731/products/product-12_04c82a6a-d4ba-423c-bf80-67396eb047bc_1024x1024e5c5.png]
[cdn.shopify.com/s/files/1/0114/0994/8731/products/product-12_04c82a6a-d4ba-423c-bf80-67396eb047bc_compacte5c5.png]
[cdn.shopify.com/s/files/1/0114/0994/8731/products/product-13_1024x1024d4d6.png]
[cdn.shopify.com/s/files/1/0114/0994/8731/products/product-13_compactd4d6.png]
[pinterest.com/pin/create/button/indexaca5.html]
[cdn.shopify.com/s/files/1/0114/0994/8731/products/product-07_241733b3-1b35-425a-a0f9-ae2bec426402_grandebb44.png]
[cdn.shopify.com/s/files/1/0114/0994/8731/products/product-06_5f80577f-3125-49db-8832-b058ab18dbf8_grande1dcd.png]
[cdn.shopify.com/s/files/1/0114/0994/8731/products/product-05_72f14e97-51c0-4402-8323-debd55f91854_grandeb477.png]
[bardy-demo.myshopify.com/products/variable-product.oembed]
[cdn.shopify.com/s/files/1/0114/0994/8731/products/product-05_72f14e97-51c0-4402-8323-debd55f91854_1024x1024b477.png]
[cdn.shopify.com/s/files/1/0114/0994/8731/products/product-05_72f14e97-51c0-4402-8323-debd55f91854_compactb477.png]
[cdn.shopify.com/s/files/1/0114/0994/8731/products/product-06_5f80577f-3125-49db-8832-b058ab18dbf8_1024x10241dcd.png]
[cdn.shopify.com/s/files/1/0114/0994/8731/products/product-06_5f80577f-3125-49db-8832-b058ab18dbf8_compact1dcd.png]
[cdn.shopify.com/s/files/1/0114/0994/8731/products/product-07_241733b3-1b35-425a-a0f9-ae2bec426402_1024x1024bb44.png]
[cdn.shopify.com/s/files/1/0114/0994/8731/products/product-07_241733b3-1b35-425a-a0f9-ae2bec426402_compactbb44.png]
[cdn.shopify.com/s/files/1/0114/0994/8731/products/product-08_8baf1f83-a632-4c29-8707-8b3bd24362c9_1024x10246c08.png]
[cdn.shopify.com/s/files/1/0114/0994/8731/products/product-08_8baf1f83-a632-4c29-8707-8b3bd24362c9_compact6c08.png]
[cdn.shopify.com/s/files/1/0114/0994/8731/products/product-09_1024x1024d27a.png]
[cdn.shopify.com/s/files/1/0114/0994/8731/products/product-09_compactd27a.png]
[pinterest.com/pin/create/button/index9e1d.html]
[bardy-demo.myshopify.com/collections/all2679]
[bardy-demo.myshopify.com/collections/all/products/product-dummy-title-4]
[bardy-demo.myshopify.com/collections/all/products/product-dummy-title-3]
[cdn.shopify.com/s/files/1/0114/0994/8731/products/product-09_1f27774e-06b2-4faa-bd5f-911f6dc20b92_large5282.png]
[bardy-demo.myshopify.com/collections/all/products/product-dummy-title-2]
[cdn.shopify.com/s/files/1/0114/0994/8731/products/product-10_cf83e638-2d7e-4a37-a067-ff2fd60829ce_largee92d.png]
[bardy-demo.myshopify.com/collections/all/products/product-dummy-title-1]
[bardy-demo.myshopify.com/collections/all/products/product-dummy-title]
[cdn.shopify.com/s/files/1/0114/0994/8731/products/product-12_7ae317f7-953c-4d99-ad64-e1b840e94bdb_large3e79.png]
[bardy-demo.myshopify.com/collections/all/products/product-title-here-3]
[cdn.shopify.com/s/files/1/0114/0994/8731/products/product-13_924ffdf6-b870-43a3-80d0-1c77d639995b_large18f3.png]
[bardy-demo.myshopify.com/collections/all/products/product-title-here-2]
[cdn.shopify.com/s/files/1/0114/0994/8731/products/product-14_eb5e4ede-4d0e-45b6-ad36-c6e7274a035f_large7159.png]
[bardy-demo.myshopify.com/collections/all/products/product-title-here-1]
[bardy-demo.myshopify.com/collections/all/products/product-title-here]
[bardy-demo.myshopify.com/collections/all/products/product-with-video]
[bardy-demo.myshopify.com/collections/all/products/sample-affiliate-product]
[bardy-demo.myshopify.com/collections/all/products/simple-product]
[bardy-demo.myshopify.com/collections/all/products/soldout-product]
[bardy-demo.myshopify.com/collections/all/products/this-is-the-large-title-for-testing-large-title-and-there-is-an-image-for-testing]
[cdn.shopify.com/s/files/1/0114/0994/8731/products/product-02_3374c4bb-3db5-4f65-8c9c-69218066292b_largea4f2.png]
[bardy-demo.myshopify.com/collections/all/products/variable-product]
[cdn.shopify.com/s/files/1/0114/0994/8731/products/product-09_b0266459-bb4e-4124-97a1-c0e660a6cbfa_grandedc5e.png]
[cdn.shopify.com/s/files/1/0114/0994/8731/products/product-08_877dfe7a-1860-47c1-bda2-718bc2d6a3fd_grandeddc3.png]
[cdn.shopify.com/s/files/1/0114/0994/8731/products/product-07_3fc21226-b67d-4ca5-8a73-a86d85e264ff_grande355a.png]
[bardy-demo.myshopify.com/products/dummy-text-for-title.oembed]
[cdn.shopify.com/s/files/1/0114/0994/8731/products/product-07_3fc21226-b67d-4ca5-8a73-a86d85e264ff_1024x1024355a.png]
[cdn.shopify.com/s/files/1/0114/0994/8731/products/product-07_3fc21226-b67d-4ca5-8a73-a86d85e264ff_compact355a.png]
[cdn.shopify.com/s/files/1/0114/0994/8731/products/product-08_877dfe7a-1860-47c1-bda2-718bc2d6a3fd_1024x1024ddc3.png]
[cdn.shopify.com/s/files/1/0114/0994/8731/products/product-08_877dfe7a-1860-47c1-bda2-718bc2d6a3fd_compactddc3.png]
[cdn.shopify.com/s/files/1/0114/0994/8731/products/product-09_b0266459-bb4e-4124-97a1-c0e660a6cbfa_1024x1024dc5e.png]
[cdn.shopify.com/s/files/1/0114/0994/8731/products/product-09_b0266459-bb4e-4124-97a1-c0e660a6cbfa_compactdc5e.png]
[cdn.shopify.com/s/files/1/0114/0994/8731/products/product-10_2b9f1cfa-b938-4317-a560-6c6e6155d7a4_1024x10244f2a.png]
[cdn.shopify.com/s/files/1/0114/0994/8731/products/product-10_2b9f1cfa-b938-4317-a560-6c6e6155d7a4_compact4f2a.png]
[cdn.shopify.com/s/files/1/0114/0994/8731/products/product-11_c94b9e80-4f98-4484-867e-90569bfcb4ab_1024x1024735f.png]
[cdn.shopify.com/s/files/1/0114/0994/8731/products/product-11_c94b9e80-4f98-4484-867e-90569bfcb4ab_compact735f.png]
[cdn.shopify.com/s/files/1/0114/0994/8731/products/product-12_b3d241c3-3375-4b52-a801-b2cbe5e6f50c_1024x1024e552.png]
[cdn.shopify.com/s/files/1/0114/0994/8731/products/product-12_b3d241c3-3375-4b52-a801-b2cbe5e6f50c_compacte552.png]
[pinterest.com/pin/create/button/index61af.html]
[cdn.shopify.com/s/files/1/0114/0994/8731/products/product-07_5417e17a-9137-4e2f-8d67-c1330849ac06_grandef6d3.png]
[cdn.shopify.com/s/files/1/0114/0994/8731/products/product-06_15dc010e-d57c-4132-8bfb-0faba15fd3f8_grande34fc.png]
[cdn.shopify.com/s/files/1/0114/0994/8731/products/product-05_d5edf7fe-f426-4d52-b933-4f027e852e4f_grande4eff.png]
[bardy-demo.myshopify.com/products/katopeno-altuni-1.oembed]
[cdn.shopify.com/s/files/1/0114/0994/8731/products/product-05_d5edf7fe-f426-4d52-b933-4f027e852e4f_1024x10244eff.png]
[cdn.shopify.com/s/files/1/0114/0994/8731/products/product-05_d5edf7fe-f426-4d52-b933-4f027e852e4f_compact4eff.png]
[cdn.shopify.com/s/files/1/0114/0994/8731/products/product-06_15dc010e-d57c-4132-8bfb-0faba15fd3f8_1024x102434fc.png]
[cdn.shopify.com/s/files/1/0114/0994/8731/products/product-06_15dc010e-d57c-4132-8bfb-0faba15fd3f8_compact34fc.png]
[cdn.shopify.com/s/files/1/0114/0994/8731/products/product-07_5417e17a-9137-4e2f-8d67-c1330849ac06_1024x1024f6d3.png]
[cdn.shopify.com/s/files/1/0114/0994/8731/products/product-07_5417e17a-9137-4e2f-8d67-c1330849ac06_compactf6d3.png]
[cdn.shopify.com/s/files/1/0114/0994/8731/products/product-08_6dcf419f-1517-470e-8460-1d8b2c2227f2_1024x10243b35.png]
[cdn.shopify.com/s/files/1/0114/0994/8731/products/product-08_6dcf419f-1517-470e-8460-1d8b2c2227f2_compact3b35.png]
[cdn.shopify.com/s/files/1/0114/0994/8731/products/product-09_7be0f781-f94f-410e-83c6-db4991e8d0bc_1024x10248dc5.png]
[cdn.shopify.com/s/files/1/0114/0994/8731/products/product-09_7be0f781-f94f-410e-83c6-db4991e8d0bc_compact8dc5.png]
[cdn.shopify.com/s/files/1/0114/0994/8731/products/product-10_0b561c97-0f89-4066-8979-fa550501bd7a_1024x1024e5a2.png]
[cdn.shopify.com/s/files/1/0114/0994/8731/products/product-10_0b561c97-0f89-4066-8979-fa550501bd7a_compacte5a2.png]
[pinterest.com/pin/create/button/index878a.html]
[cdn.shopify.com/s/files/1/0114/0994/8731/products/product-15_87593fb5-e6f8-4736-a71f-4525e327c80f_grande6193.png]
[cdn.shopify.com/s/files/1/0114/0994/8731/products/product-14_67f2dd3a-2def-4b18-894d-02ee010418e7_grande8e4c.png]
[cdn.shopify.com/s/files/1/0114/0994/8731/products/product-13_e8feb9b1-cddc-4f9f-8178-235d89b27cff_grandef069.png]
[bardy-demo.myshopify.com/products/mostarizing-oil.oembed]
[cdn.shopify.com/s/files/1/0114/0994/8731/products/product-13_e8feb9b1-cddc-4f9f-8178-235d89b27cff_1024x1024f069.png]
[cdn.shopify.com/s/files/1/0114/0994/8731/products/product-13_e8feb9b1-cddc-4f9f-8178-235d89b27cff_compactf069.png]
[cdn.shopify.com/s/files/1/0114/0994/8731/products/product-14_67f2dd3a-2def-4b18-894d-02ee010418e7_1024x10248e4c.png]
[cdn.shopify.com/s/files/1/0114/0994/8731/products/product-14_67f2dd3a-2def-4b18-894d-02ee010418e7_compact8e4c.png]
[cdn.shopify.com/s/files/1/0114/0994/8731/products/product-15_87593fb5-e6f8-4736-a71f-4525e327c80f_1024x10246193.png]
[cdn.shopify.com/s/files/1/0114/0994/8731/products/product-15_87593fb5-e6f8-4736-a71f-4525e327c80f_compact6193.png]
[cdn.shopify.com/s/files/1/0114/0994/8731/products/product-16_a2247ec5-2dbb-4915-a319-add5eb05359e_1024x1024ae62.png]
[cdn.shopify.com/s/files/1/0114/0994/8731/products/product-16_a2247ec5-2dbb-4915-a319-add5eb05359e_compactae62.png]
[pinterest.com/pin/create/button/indexf9ba.html]
[cdn.shopify.com/s/files/1/0114/0994/8731/products/product-03_grande30d8.png]
[cdn.shopify.com/s/files/1/0114/0994/8731/products/product-02_grande37df.png]
[cdn.shopify.com/s/files/1/0114/0994/8731/products/product-01_grande1940.png]
[bardy-demo.myshopify.com/products/new-and-sale-badge-product.oembed]
[cdn.shopify.com/s/files/1/0114/0994/8731/products/product-01_1024x10241940.png]
[cdn.shopify.com/s/files/1/0114/0994/8731/products/product-01_compact1940.png]
[cdn.shopify.com/s/files/1/0114/0994/8731/products/product-02_1024x102437df.png]
[cdn.shopify.com/s/files/1/0114/0994/8731/products/product-02_compact37df.png]
[cdn.shopify.com/s/files/1/0114/0994/8731/products/product-03_1024x102430d8.png]
[cdn.shopify.com/s/files/1/0114/0994/8731/products/product-03_compact30d8.png]
[cdn.shopify.com/s/files/1/0114/0994/8731/products/product-04_1024x10246165.png]
[cdn.shopify.com/s/files/1/0114/0994/8731/products/product-04_compact6165.png]
[pinterest.com/pin/create/button/indexd301.html]
[bardy-demo.myshopify.com/collections/all/products/variable-with-soldout-product]
[cdn.shopify.com/s/files/1/0114/0994/8731/products/product-07_16a4fbea-4821-4804-91eb-a89ac8200018_large2a0c.png]
[bardy-demo.myshopify.com/collections/all/products/vortahole-valohoi]
[bardy-demo.myshopify.com/collections/all/products/without-shortcode-product]
[bardy-demo.myshopify.com/collections/new-arrival.atom]
[bardy-demo.myshopify.com/collections/new-arrival.oembed]
[bardy-demo.myshopify.com/collections/new-arrival/products/murikhete-paris]
[bardy-demo.myshopify.com/collections/new-arrival/products/mostarizing-oil-1]
[bardy-demo.myshopify.com/collections/new-arrival/products/baizidale-momone]
[bardy-demo.myshopify.com/collections/new-arrival/products/origeno-veledita]
[bardy-demo.myshopify.com/collections/new-arrival/products/katopeno-altuni]
[cdn.shopify.com/s/files/1/0114/0994/8731/products/product-11_7c7f088c-a1ca-44c3-9e24-513fc5a76563_large240e.png]
[bardy-demo.myshopify.com/collections/vendors35e9]
[bardy-demo.myshopify.com/collections/vendors/products/dummy-product-name]
[bardy-demo.myshopify.com/collections/vendors/products/new-and-sale-badge-product]
[cdn.shopify.com/s/files/1/0114/0994/8731/products/product-01_large1940.png]
[bardy-demo.myshopify.com/collections/vendors/products/product-dummy-title]
[bardy-demo.myshopify.com/collections/vendorsb9aa]
[bardy-demo.myshopify.com/collections/vendors/products/product-title-here]
[bardy-demo.myshopify.com/collections/vendors/products/this-is-the-large-title-for-testing-large-title-and-there-is-an-image-for-testing]
[bardy-demo.myshopify.com/collections/vendors/products/vortahole-valohoi]
[bardy-demo.myshopify.com/collections/vendors0900]
[bardy-demo.myshopify.com/collections/vendors/products/dummy-text-for-title]
[bardy-demo.myshopify.com/collections/vendors/products/product-dummy-title-1]
[bardy-demo.myshopify.com/collections/vendors/products/product-with-video]
[bardy-demo.myshopify.com/collections/all/purple]
[bardy-demo.myshopify.com/collections/all/violet]
[bardy-demo.myshopify.com/collections/vendorsc05f]
[bardy-demo.myshopify.com/collections/vendors/products/buffekete-chai]
[bardy-demo.myshopify.com/collections/vendors/products/mostarizing-oil]
[bardy-demo.myshopify.com/collections/vendors/products/new-badge-product]
[bardy-demo.myshopify.com/collections/vendorsd743]
[bardy-demo.myshopify.com/collections/vendors/products/dummy-text-for-title-1]
[bardy-demo.myshopify.com/collections/vendors/products/product-title-here-1]
[bardy-demo.myshopify.com/collections/vendors/products/variable-product]
[bardy-demo.myshopify.com/collections/all/resin]
[bardy-demo.myshopify.com/collections/all/silver]
[bardy-demo.myshopify.com/collections/all/slag]
[bardy-demo.myshopify.com/collections/types7b56]
[bardy-demo.myshopify.com/collections/types/products/dummy-product-name]
[bardy-demo.myshopify.com/collections/types/products/new-and-sale-badge-product]
[bardy-demo.myshopify.com/collections/types/products/product-dummy-title]
[bardy-demo.myshopify.com/collections/types8ea5]
[bardy-demo.myshopify.com/collections/types/products/product-title-here]
[bardy-demo.myshopify.com/collections/types/products/this-is-the-large-title-for-testing-large-title-and-there-is-an-image-for-testing]
[bardy-demo.myshopify.com/collections/types/products/vortahole-valohoi]
[bardy-demo.myshopify.com/collections/types7172]
[bardy-demo.myshopify.com/collections/types/products/dummy-text-for-title]
[bardy-demo.myshopify.com/collections/types/products/product-dummy-title-1]
[bardy-demo.myshopify.com/collections/types/products/product-with-video]
[bardy-demo.myshopify.com/collections/typescdd5]
[bardy-demo.myshopify.com/collections/types/products/buffekete-chai]
[bardy-demo.myshopify.com/collections/types/products/mostarizing-oil]
[bardy-demo.myshopify.com/collections/types/products/new-badge-product]
[bardy-demo.myshopify.com/collections/types07ab]
[bardy-demo.myshopify.com/collections/types/products/dummy-text-for-title-1]
[bardy-demo.myshopify.com/collections/types/products/product-title-here-1]
[bardy-demo.myshopify.com/collections/types/products/variable-product]
[bardy-demo.myshopify.com/collections/all/red.atom]
[bardy-demo.myshopify.com/collections/all/POST]
[bardy-demo.myshopify.com/collections/all/products/countdown-product]
[bardy-demo.myshopify.com/collections/all/products/dummy-product-name]
[bardy-demo.myshopify.com/collections/all/products/mostarizing-oil-1]
[bardy-demo.myshopify.com/collections/all/green.atom]
[bardy-demo.myshopify.com/collections/all/blue.atom]
[bardy-demo.myshopify.com/collections/all/yellow.atom]
[bardy-demo.myshopify.com/collections/all/white.atom]
[bardy-demo.myshopify.com/collections/all/gold.atom]
[bardy-demo.myshopify.com/collections/all/products/buffekete-chai]
[bardy-demo.myshopify.com/collections/all/products/new-badge-product]
[bardy-demo.myshopify.com/collections/all/gray.atom]
[bardy-demo.myshopify.com/collections/all/magenta.atom]
[bardy-demo.myshopify.com/collections/all/maroon.atom]
[bardy-demo.myshopify.com/collections/all/navy.atom]
[bardy-demo.myshopify.com/collections/all/s.atom]
[bardy-demo.myshopify.com/collections/all/products/dummy-text-for-title-1]
[bardy-demo.myshopify.com/collections/all/products/egentry-etumeni]
[cdn.shopify.com/s/files/1/0114/0994/8731/products/product-15_a12c2811-a376-4a97-9d39-5f931e3fdc00_large62ca.png]
[bardy-demo.myshopify.com/collections/all/m.atom]
[bardy-demo.myshopify.com/collections/all/l.atom]
[bardy-demo.myshopify.com/collections/all/xl.atom]
[bardy-demo.myshopify.com/collections/all/xxl.atom]
[bardy-demo.myshopify.com/collections/all/black.atom]
[bardy-demo.myshopify.com/collections/all/fiber.atom]
[bardy-demo.myshopify.com/collections/all/leather.atom]
[bardy-demo.myshopify.com/collections/all/metal.atom]
[bardy-demo.myshopify.com/collections/all/orange.atom]
[bardy-demo.myshopify.com/collections/all/pink.atom]
[bardy-demo.myshopify.com/collections/best-seller-product/products/POST]
[bardy-demo.myshopify.com/collections/best-seller-product/products/baizidale-momone]
[bardy-demo.myshopify.com/collections/best-seller-product/products/katopeno-altuni]
[bardy-demo.myshopify.com/collections/best-seller-product/products/product-title-here-3]
[bardy-demo.myshopify.com/collections/best-seller-product/products/product-dummy-title-4]
[bardy-demo.myshopify.com/collections/featured-product/products/POST]
[bardy-demo.myshopify.com/collections/new-arrival/products/POST]
